src/navigation/MainTabs.tsx(9,40): error TS2307: Cannot find module '@expo/vector-icons' or its corresponding type declarations.
